// Jest Snapshot v1, https://goo.gl/fbAQLP

exports[`Pruebas en <GifGridItem /> debe mostrar <GifGridItem /> correctamente 1`] = `
<div
  className="card animate__animated animate__fadeIn"
>
  <img
    alt="Dragon ball"
    src="https://localhost/lago.jpg"
  />
  <p>
    Dragon ball
  </p>
</div>
`;
